Analysis & Synthesis report for mini_mips
Sun Jan  5 15:35:04 2025
Quartus Prime Version 23.1std.1 Build 993 05/14/2024 SC Lite Edition


---------------------
; Table of Contents ;
---------------------
  1. Legal Notice
  2. Analysis & Synthesis Summary
  3. Analysis & Synthesis Settings
  4. Parallel Compilation
  5. Analysis & Synthesis Source Files Read
  6. Analysis & Synthesis Resource Usage Summary
  7. Analysis & Synthesis Resource Utilization by Entity
  8. State Machine - |mini_mips|current_state
  9. Registers Removed During Synthesis
 10. Removed Registers Triggering Further Register Optimizations
 11. General Register Statistics
 12. Inverted Register Statistics
 13. Multiplexer Restructuring Statistics (Restructuring Performed)
 14. Parameter Settings for User Entity Instance: Memory:Memory_inst
 15. Parameter Settings for User Entity Instance: registers:RegFile_inst
 16. Port Connectivity Checks: "Memory:Memory_inst"
 17. Post-Synthesis Netlist Statistics for Top Partition
 18. Elapsed Time Per Partition
 19. Analysis & Synthesis Messages



----------------
; Legal Notice ;
----------------
Copyright (C) 2024  Intel Corporation. All rights reserved.
Your use of Intel Corporation's design tools, logic functions 
and other software and tools, and any partner logic 
functions, and any output files from any of the foregoing 
(including device programming or simulation files), and any 
associated documentation or information are expressly subject 
to the terms and conditions of the Intel Program License 
Subscription Agreement, the Intel Quartus Prime License Agreement,
the Intel FPGA IP License Agreement, or other applicable license
agreement, including, without limitation, that your use is for
the sole purpose of programming logic devices manufactured by
Intel and sold by Intel or its authorized distributors.  Please
refer to the applicable agreement for further details, at
https://fpgasoftware.intel.com/eula.



+-------------------------------------------------------------------------------------+
; Analysis & Synthesis Summary                                                        ;
+------------------------------------+------------------------------------------------+
; Analysis & Synthesis Status        ; Successful - Sun Jan  5 15:35:04 2025          ;
; Quartus Prime Version              ; 23.1std.1 Build 993 05/14/2024 SC Lite Edition ;
; Revision Name                      ; mini_mips                                      ;
; Top-level Entity Name              ; mini_mips                                      ;
; Family                             ; MAX 10                                         ;
; Total logic elements               ; 1,042                                          ;
;     Total combinational functions  ; 801                                            ;
;     Dedicated logic registers      ; 410                                            ;
; Total registers                    ; 410                                            ;
; Total pins                         ; 302                                            ;
; Total virtual pins                 ; 0                                              ;
; Total memory bits                  ; 0                                              ;
; Embedded Multiplier 9-bit elements ; 0                                              ;
; Total PLLs                         ; 0                                              ;
; UFM blocks                         ; 0                                              ;
; ADC blocks                         ; 0                                              ;
+------------------------------------+------------------------------------------------+


+------------------------------------------------------------------------------------------------------------+
; Analysis & Synthesis Settings                                                                              ;
+------------------------------------------------------------------+--------------------+--------------------+
; Option                                                           ; Setting            ; Default Value      ;
+------------------------------------------------------------------+--------------------+--------------------+
; Device                                                           ; 10M50DAF484C6GES   ;                    ;
; Top-level entity name                                            ; mini_mips          ; mini_mips          ;
; Family name                                                      ; MAX 10             ; Cyclone V          ;
; Use smart compilation                                            ; Off                ; Off                ;
; Enable parallel Assembler and Timing Analyzer during compilation ; On                 ; On                 ;
; Enable compact report table                                      ; Off                ; Off                ;
; Restructure Multiplexers                                         ; Auto               ; Auto               ;
; Create Debugging Nodes for IP Cores                              ; Off                ; Off                ;
; Preserve fewer node names                                        ; On                 ; On                 ;
; Intel FPGA IP Evaluation Mode                                    ; Enable             ; Enable             ;
; Verilog Version                                                  ; Verilog_2001       ; Verilog_2001       ;
; VHDL Version                                                     ; VHDL_1993          ; VHDL_1993          ;
; State Machine Processing                                         ; Auto               ; Auto               ;
; Safe State Machine                                               ; Off                ; Off                ;
; Extract Verilog State Machines                                   ; On                 ; On                 ;
; Extract VHDL State Machines                                      ; On                 ; On                 ;
; Ignore Verilog initial constructs                                ; Off                ; Off                ;
; Iteration limit for constant Verilog loops                       ; 5000               ; 5000               ;
; Iteration limit for non-constant Verilog loops                   ; 250                ; 250                ;
; Add Pass-Through Logic to Inferred RAMs                          ; On                 ; On                 ;
; Infer RAMs from Raw Logic                                        ; On                 ; On                 ;
; Parallel Synthesis                                               ; On                 ; On                 ;
; DSP Block Balancing                                              ; Auto               ; Auto               ;
; NOT Gate Push-Back                                               ; On                 ; On                 ;
; Power-Up Don't Care                                              ; On                 ; On                 ;
; Remove Redundant Logic Cells                                     ; Off                ; Off                ;
; Remove Duplicate Registers                                       ; On                 ; On                 ;
; Ignore CARRY Buffers                                             ; Off                ; Off                ;
; Ignore CASCADE Buffers                                           ; Off                ; Off                ;
; Ignore GLOBAL Buffers                                            ; Off                ; Off                ;
; Ignore ROW GLOBAL Buffers                                        ; Off                ; Off                ;
; Ignore LCELL Buffers                                             ; Off                ; Off                ;
; Ignore SOFT Buffers                                              ; On                 ; On                 ;
; Limit AHDL Integers to 32 Bits                                   ; Off                ; Off                ;
; Optimization Technique                                           ; Balanced           ; Balanced           ;
; Carry Chain Length                                               ; 70                 ; 70                 ;
; Auto Carry Chains                                                ; On                 ; On                 ;
; Auto Open-Drain Pins                                             ; On                 ; On                 ;
; Perform WYSIWYG Primitive Resynthesis                            ; Off                ; Off                ;
; Auto ROM Replacement                                             ; On                 ; On                 ;
; Auto RAM Replacement                                             ; On                 ; On                 ;
; Auto DSP Block Replacement                                       ; On                 ; On                 ;
; Auto Shift Register Replacement                                  ; Auto               ; Auto               ;
; Allow Shift Register Merging across Hierarchies                  ; Auto               ; Auto               ;
; Auto Clock Enable Replacement                                    ; On                 ; On                 ;
; Strict RAM Replacement                                           ; Off                ; Off                ;
; Allow Synchronous Control Signals                                ; On                 ; On                 ;
; Force Use of Synchronous Clear Signals                           ; Off                ; Off                ;
; Auto RAM Block Balancing                                         ; On                 ; On                 ;
; Auto RAM to Logic Cell Conversion                                ; Off                ; Off                ;
; Auto Resource Sharing                                            ; Off                ; Off                ;
; Allow Any RAM Size For Recognition                               ; Off                ; Off                ;
; Allow Any ROM Size For Recognition                               ; Off                ; Off                ;
; Allow Any Shift Register Size For Recognition                    ; Off                ; Off                ;
; Use LogicLock Constraints during Resource Balancing              ; On                 ; On                 ;
; Ignore translate_off and synthesis_off directives                ; Off                ; Off                ;
; Timing-Driven Synthesis                                          ; On                 ; On                 ;
; Report Parameter Settings                                        ; On                 ; On                 ;
; Report Source Assignments                                        ; On                 ; On                 ;
; Report Connectivity Checks                                       ; On                 ; On                 ;
; Ignore Maximum Fan-Out Assignments                               ; Off                ; Off                ;
; Synchronization Register Chain Length                            ; 2                  ; 2                  ;
; Power Optimization During Synthesis                              ; Normal compilation ; Normal compilation ;
; HDL message level                                                ; Level2             ; Level2             ;
; Suppress Register Optimization Related Messages                  ; Off                ; Off                ;
; Number of Removed Registers Reported in Synthesis Report         ; 5000               ; 5000               ;
; Number of Swept Nodes Reported in Synthesis Report               ; 5000               ; 5000               ;
; Number of Inverted Registers Reported in Synthesis Report        ; 100                ; 100                ;
; Clock MUX Protection                                             ; On                 ; On                 ;
; Auto Gated Clock Conversion                                      ; Off                ; Off                ;
; Block Design Naming                                              ; Auto               ; Auto               ;
; SDC constraint protection                                        ; Off                ; Off                ;
; Synthesis Effort                                                 ; Auto               ; Auto               ;
; Shift Register Replacement - Allow Asynchronous Clear Signal     ; On                 ; On                 ;
; Pre-Mapping Resynthesis Optimization                             ; Off                ; Off                ;
; Analysis & Synthesis Message Level                               ; Medium             ; Medium             ;
; Disable Register Merging Across Hierarchies                      ; Auto               ; Auto               ;
; Resource Aware Inference For Block RAM                           ; On                 ; On                 ;
+------------------------------------------------------------------+--------------------+--------------------+


+------------------------------------------+
; Parallel Compilation                     ;
+----------------------------+-------------+
; Processors                 ; Number      ;
+----------------------------+-------------+
; Number detected on machine ; 8           ;
; Maximum allowed            ; 4           ;
;                            ;             ;
; Average used               ; 1.00        ;
; Maximum used               ; 4           ;
;                            ;             ;
; Usage by Processor         ; % Time Used ;
;     Processor 1            ; 100.0%      ;
;     Processor 2            ;   0.1%      ;
;     Processor 3            ;   0.1%      ;
;     Processor 4            ;   0.1%      ;
+----------------------------+-------------+


+-------------------------------------------------------------------------------------------------------------------------------------------------------+
; Analysis & Synthesis Source Files Read                                                                                                                ;
+----------------------------------+-----------------+-----------------+----------------------------------------------------------------------+---------+
; File Name with User-Entered Path ; Used in Netlist ; File Type       ; File Name with Absolute Path                                         ; Library ;
+----------------------------------+-----------------+-----------------+----------------------------------------------------------------------+---------+
; Memory.vhd                       ; yes             ; User VHDL File  ; C:/Users/zeyad/Desktop/Workspace/Code/VHDL/mini_mips/Memory.vhd      ;         ;
; mini_mips.vhd                    ; yes             ; User VHDL File  ; C:/Users/zeyad/Desktop/Workspace/Code/VHDL/mini_mips/mini_mips.vhd   ;         ;
; registers.vhd                    ; yes             ; User VHDL File  ; C:/Users/zeyad/Desktop/Workspace/Code/VHDL/mini_mips/registers.vhd   ;         ;
; Utility_Pkg.vhd                  ; yes             ; User VHDL File  ; C:/Users/zeyad/Desktop/Workspace/Code/VHDL/mini_mips/Utility_Pkg.vhd ;         ;
+----------------------------------+-----------------+-----------------+----------------------------------------------------------------------+---------+


+---------------------------------------------------------+
; Analysis & Synthesis Resource Usage Summary             ;
+---------------------------------------------+-----------+
; Resource                                    ; Usage     ;
+---------------------------------------------+-----------+
; Estimated Total logic elements              ; 1,042     ;
;                                             ;           ;
; Total combinational functions               ; 801       ;
; Logic element usage by number of LUT inputs ;           ;
;     -- 4 input functions                    ; 474       ;
;     -- 3 input functions                    ; 222       ;
;     -- <=2 input functions                  ; 105       ;
;                                             ;           ;
; Logic elements by mode                      ;           ;
;     -- normal mode                          ; 708       ;
;     -- arithmetic mode                      ; 93        ;
;                                             ;           ;
; Total registers                             ; 410       ;
;     -- Dedicated logic registers            ; 410       ;
;     -- I/O registers                        ; 0         ;
;                                             ;           ;
; I/O pins                                    ; 302       ;
;                                             ;           ;
; Embedded Multiplier 9-bit elements          ; 0         ;
;                                             ;           ;
; Maximum fan-out node                        ; clk~input ;
; Maximum fan-out                             ; 410       ;
; Total fan-out                               ; 4570      ;
; Average fan-out                             ; 2.52      ;
+---------------------------------------------+-----------+


+---------------------------------------------------------------------------------------------------------------------------------------------------------------------------------------------------------------------------------------------------+
; Analysis & Synthesis Resource Utilization by Entity                                                                                                                                                                                               ;
+-----------------------------+---------------------+---------------------------+-------------+------------+--------------+---------+-----------+------+--------------+------------+-----------------------------------+-------------+--------------+
; Compilation Hierarchy Node  ; Combinational ALUTs ; Dedicated Logic Registers ; Memory Bits ; UFM Blocks ; DSP Elements ; DSP 9x9 ; DSP 18x18 ; Pins ; Virtual Pins ; ADC blocks ; Full Hierarchy Name               ; Entity Name ; Library Name ;
+-----------------------------+---------------------+---------------------------+-------------+------------+--------------+---------+-----------+------+--------------+------------+-----------------------------------+-------------+--------------+
; |mini_mips                  ; 801 (368)           ; 410 (154)                 ; 0           ; 0          ; 0            ; 0       ; 0         ; 302  ; 0            ; 0          ; |mini_mips                        ; mini_mips   ; work         ;
;    |Memory:Memory_inst|     ; 29 (29)             ; 0 (0)                     ; 0           ; 0          ; 0            ; 0       ; 0         ; 0    ; 0            ; 0          ; |mini_mips|Memory:Memory_inst     ; Memory      ; work         ;
;    |registers:RegFile_inst| ; 404 (404)           ; 256 (256)                 ; 0           ; 0          ; 0            ; 0       ; 0         ; 0    ; 0            ; 0          ; |mini_mips|registers:RegFile_inst ; registers   ; work         ;
+-----------------------------+---------------------+---------------------------+-------------+------------+--------------+---------+-----------+------+--------------+------------+-----------------------------------+-------------+--------------+
Note: For table entries with two numbers listed, the numbers in parentheses indicate the number of resources of the given type used by the specific entity alone. The numbers listed outside of parentheses indicate the total resources of the given type used by the specific entity and all of its sub-entities in the hierarchy.


Encoding Type:  One-Hot
+-------------------------------------------------------------------------------------------------------------------------------------------------+
; State Machine - |mini_mips|current_state                                                                                                        ;
+-------------------------+-------------------------+-----------------------+-----------------------+-----------------------+---------------------+
; Name                    ; current_state.WRITEBACK ; current_state.EXECUTE ; current_state.DECODE2 ; current_state.DECODE1 ; current_state.FETCH ;
+-------------------------+-------------------------+-----------------------+-----------------------+-----------------------+---------------------+
; current_state.FETCH     ; 0                       ; 0                     ; 0                     ; 0                     ; 0                   ;
; current_state.DECODE1   ; 0                       ; 0                     ; 0                     ; 1                     ; 1                   ;
; current_state.DECODE2   ; 0                       ; 0                     ; 1                     ; 0                     ; 1                   ;
; current_state.EXECUTE   ; 0                       ; 1                     ; 0                     ; 0                     ; 1                   ;
; current_state.WRITEBACK ; 1                       ; 0                     ; 0                     ; 0                     ; 1                   ;
+-------------------------+-------------------------+-----------------------+-----------------------+-----------------------+---------------------+


+-----------------------------------------------------------------------------------------+
; Registers Removed During Synthesis                                                      ;
+------------------------------------------------+----------------------------------------+
; Register name                                  ; Reason for Removal                     ;
+------------------------------------------------+----------------------------------------+
; immediate[17..31]                              ; Merged with immediate[16]              ;
; immediate[16]                                  ; Stuck at GND due to stuck port data_in ;
; ir_temp[3,5,6,8..10,14,15,19,20,22..25,28..31] ; Stuck at GND due to stuck port data_in ;
; opcode_temp[2..5]                              ; Stuck at GND due to stuck port data_in ;
; ir[3,5,6,8..10,14,15,19,20,22..25,28..31]      ; Stuck at GND due to stuck port data_in ;
; opcode[2..5]                                   ; Stuck at GND due to stuck port data_in ;
; rd_addr[3,4]                                   ; Stuck at GND due to stuck port data_in ;
; immediate[3,5,6,8..10,14,15]                   ; Stuck at GND due to stuck port data_in ;
; rs_addr[1..3]                                  ; Stuck at GND due to stuck port data_in ;
; rt_addr[3]                                     ; Stuck at GND due to stuck port data_in ;
; address[0..25]                                 ; Stuck at GND due to stuck port data_in ;
; func[3,5]                                      ; Stuck at GND due to stuck port data_in ;
; shamt[0,2..4]                                  ; Stuck at GND due to stuck port data_in ;
; registers:RegFile_inst|registers[8][0]         ; Stuck at GND due to stuck port data_in ;
; registers:RegFile_inst|registers[9][0]         ; Stuck at GND due to stuck port data_in ;
; registers:RegFile_inst|registers[8][1]         ; Stuck at GND due to stuck port data_in ;
; registers:RegFile_inst|registers[9][1]         ; Stuck at GND due to stuck port data_in ;
; registers:RegFile_inst|registers[8][2]         ; Stuck at GND due to stuck port data_in ;
; registers:RegFile_inst|registers[9][2]         ; Stuck at GND due to stuck port data_in ;
; registers:RegFile_inst|registers[8][3]         ; Stuck at GND due to stuck port data_in ;
; registers:RegFile_inst|registers[9][3]         ; Stuck at GND due to stuck port data_in ;
; registers:RegFile_inst|registers[8][4]         ; Stuck at GND due to stuck port data_in ;
; registers:RegFile_inst|registers[9][4]         ; Stuck at GND due to stuck port data_in ;
; registers:RegFile_inst|registers[8][5]         ; Stuck at GND due to stuck port data_in ;
; registers:RegFile_inst|registers[9][5]         ; Stuck at GND due to stuck port data_in ;
; registers:RegFile_inst|registers[8][6]         ; Stuck at GND due to stuck port data_in ;
; registers:RegFile_inst|registers[9][6]         ; Stuck at GND due to stuck port data_in ;
; registers:RegFile_inst|registers[8][7]         ; Stuck at GND due to stuck port data_in ;
; registers:RegFile_inst|registers[9][7]         ; Stuck at GND due to stuck port data_in ;
; registers:RegFile_inst|registers[8][8]         ; Stuck at GND due to stuck port data_in ;
; registers:RegFile_inst|registers[9][8]         ; Stuck at GND due to stuck port data_in ;
; registers:RegFile_inst|registers[8][9]         ; Stuck at GND due to stuck port data_in ;
; registers:RegFile_inst|registers[9][9]         ; Stuck at GND due to stuck port data_in ;
; registers:RegFile_inst|registers[8][10]        ; Stuck at GND due to stuck port data_in ;
; registers:RegFile_inst|registers[9][10]        ; Stuck at GND due to stuck port data_in ;
; registers:RegFile_inst|registers[8][11]        ; Stuck at GND due to stuck port data_in ;
; registers:RegFile_inst|registers[9][11]        ; Stuck at GND due to stuck port data_in ;
; registers:RegFile_inst|registers[8][12]        ; Stuck at GND due to stuck port data_in ;
; registers:RegFile_inst|registers[9][12]        ; Stuck at GND due to stuck port data_in ;
; registers:RegFile_inst|registers[8][13]        ; Stuck at GND due to stuck port data_in ;
; registers:RegFile_inst|registers[9][13]        ; Stuck at GND due to stuck port data_in ;
; registers:RegFile_inst|registers[8][14]        ; Stuck at GND due to stuck port data_in ;
; registers:RegFile_inst|registers[9][14]        ; Stuck at GND due to stuck port data_in ;
; registers:RegFile_inst|registers[8][15]        ; Stuck at GND due to stuck port data_in ;
; registers:RegFile_inst|registers[9][15]        ; Stuck at GND due to stuck port data_in ;
; registers:RegFile_inst|registers[8][16]        ; Stuck at GND due to stuck port data_in ;
; registers:RegFile_inst|registers[9][16]        ; Stuck at GND due to stuck port data_in ;
; registers:RegFile_inst|registers[8][17]        ; Stuck at GND due to stuck port data_in ;
; registers:RegFile_inst|registers[9][17]        ; Stuck at GND due to stuck port data_in ;
; registers:RegFile_inst|registers[8][18]        ; Stuck at GND due to stuck port data_in ;
; registers:RegFile_inst|registers[9][18]        ; Stuck at GND due to stuck port data_in ;
; registers:RegFile_inst|registers[8][19]        ; Stuck at GND due to stuck port data_in ;
; registers:RegFile_inst|registers[9][19]        ; Stuck at GND due to stuck port data_in ;
; registers:RegFile_inst|registers[8][20]        ; Stuck at GND due to stuck port data_in ;
; registers:RegFile_inst|registers[9][20]        ; Stuck at GND due to stuck port data_in ;
; registers:RegFile_inst|registers[8][21]        ; Stuck at GND due to stuck port data_in ;
; registers:RegFile_inst|registers[9][21]        ; Stuck at GND due to stuck port data_in ;
; registers:RegFile_inst|registers[8][22]        ; Stuck at GND due to stuck port data_in ;
; registers:RegFile_inst|registers[9][22]        ; Stuck at GND due to stuck port data_in ;
; registers:RegFile_inst|registers[8][23]        ; Stuck at GND due to stuck port data_in ;
; registers:RegFile_inst|registers[9][23]        ; Stuck at GND due to stuck port data_in ;
; registers:RegFile_inst|registers[8][24]        ; Stuck at GND due to stuck port data_in ;
; registers:RegFile_inst|registers[9][24]        ; Stuck at GND due to stuck port data_in ;
; registers:RegFile_inst|registers[8][25]        ; Stuck at GND due to stuck port data_in ;
; registers:RegFile_inst|registers[9][25]        ; Stuck at GND due to stuck port data_in ;
; registers:RegFile_inst|registers[8][26]        ; Stuck at GND due to stuck port data_in ;
; registers:RegFile_inst|registers[9][26]        ; Stuck at GND due to stuck port data_in ;
; registers:RegFile_inst|registers[8][27]        ; Stuck at GND due to stuck port data_in ;
; registers:RegFile_inst|registers[9][27]        ; Stuck at GND due to stuck port data_in ;
; registers:RegFile_inst|registers[8][28]        ; Stuck at GND due to stuck port data_in ;
; registers:RegFile_inst|registers[9][28]        ; Stuck at GND due to stuck port data_in ;
; registers:RegFile_inst|registers[8][29]        ; Stuck at GND due to stuck port data_in ;
; registers:RegFile_inst|registers[9][29]        ; Stuck at GND due to stuck port data_in ;
; registers:RegFile_inst|registers[8][30]        ; Stuck at GND due to stuck port data_in ;
; registers:RegFile_inst|registers[9][30]        ; Stuck at GND due to stuck port data_in ;
; registers:RegFile_inst|registers[8][31]        ; Stuck at GND due to stuck port data_in ;
; registers:RegFile_inst|registers[9][31]        ; Stuck at GND due to stuck port data_in ;
; Total Number of Removed Registers = 170        ;                                        ;
+------------------------------------------------+----------------------------------------+


+--------------------------------------------------------------------------------------------------------------------------------------------+
; Removed Registers Triggering Further Register Optimizations                                                                                ;
+---------------+---------------------------+------------------------------------------------------------------------------------------------+
; Register name ; Reason for Removal        ; Registers Removed due to This Register                                                         ;
+---------------+---------------------------+------------------------------------------------------------------------------------------------+
; ir_temp[28]   ; Stuck at GND              ; opcode_temp[2], ir[28], opcode[2], address[0], address[1], address[2], address[4], address[7], ;
;               ; due to stuck port data_in ; address[11], address[12], address[13], address[16], address[17], address[18], address[21]      ;
; ir_temp[3]    ; Stuck at GND              ; ir[3], immediate[3], address[3], func[3]                                                       ;
;               ; due to stuck port data_in ;                                                                                                ;
; ir_temp[5]    ; Stuck at GND              ; ir[5], immediate[5], address[5], func[5]                                                       ;
;               ; due to stuck port data_in ;                                                                                                ;
; ir_temp[6]    ; Stuck at GND              ; ir[6], immediate[6], address[6], shamt[0]                                                      ;
;               ; due to stuck port data_in ;                                                                                                ;
; ir_temp[8]    ; Stuck at GND              ; ir[8], immediate[8], address[8], shamt[2]                                                      ;
;               ; due to stuck port data_in ;                                                                                                ;
; ir_temp[9]    ; Stuck at GND              ; ir[9], immediate[9], address[9], shamt[3]                                                      ;
;               ; due to stuck port data_in ;                                                                                                ;
; ir_temp[10]   ; Stuck at GND              ; ir[10], immediate[10], address[10], shamt[4]                                                   ;
;               ; due to stuck port data_in ;                                                                                                ;
; ir_temp[14]   ; Stuck at GND              ; ir[14], rd_addr[3], immediate[14], address[14]                                                 ;
;               ; due to stuck port data_in ;                                                                                                ;
; ir_temp[15]   ; Stuck at GND              ; ir[15], rd_addr[4], immediate[15], address[15]                                                 ;
;               ; due to stuck port data_in ;                                                                                                ;
; ir_temp[19]   ; Stuck at GND              ; ir[19], rt_addr[3], address[19]                                                                ;
;               ; due to stuck port data_in ;                                                                                                ;
; ir_temp[22]   ; Stuck at GND              ; ir[22], rs_addr[1], address[22]                                                                ;
;               ; due to stuck port data_in ;                                                                                                ;
; ir_temp[23]   ; Stuck at GND              ; ir[23], rs_addr[2], address[23]                                                                ;
;               ; due to stuck port data_in ;                                                                                                ;
; ir_temp[24]   ; Stuck at GND              ; ir[24], rs_addr[3], address[24]                                                                ;
;               ; due to stuck port data_in ;                                                                                                ;
; ir_temp[29]   ; Stuck at GND              ; opcode_temp[3], ir[29], opcode[3]                                                              ;
;               ; due to stuck port data_in ;                                                                                                ;
; ir_temp[30]   ; Stuck at GND              ; opcode_temp[4], ir[30], opcode[4]                                                              ;
;               ; due to stuck port data_in ;                                                                                                ;
; ir_temp[31]   ; Stuck at GND              ; opcode_temp[5], ir[31], opcode[5]                                                              ;
;               ; due to stuck port data_in ;                                                                                                ;
; ir_temp[20]   ; Stuck at GND              ; ir[20], address[20]                                                                            ;
;               ; due to stuck port data_in ;                                                                                                ;
; ir_temp[25]   ; Stuck at GND              ; ir[25], address[25]                                                                            ;
;               ; due to stuck port data_in ;                                                                                                ;
+---------------+---------------------------+------------------------------------------------------------------------------------------------+


+------------------------------------------------------+
; General Register Statistics                          ;
+----------------------------------------------+-------+
; Statistic                                    ; Value ;
+----------------------------------------------+-------+
; Total registers                              ; 410   ;
; Number of registers using Synchronous Clear  ; 36    ;
; Number of registers using Synchronous Load   ; 2     ;
; Number of registers using Asynchronous Clear ; 0     ;
; Number of registers using Asynchronous Load  ; 0     ;
; Number of registers using Clock Enable       ; 409   ;
; Number of registers using Preset             ; 0     ;
+----------------------------------------------+-------+


+--------------------------------------------------+
; Inverted Register Statistics                     ;
+----------------------------------------+---------+
; Inverted Register                      ; Fan out ;
+----------------------------------------+---------+
; registers:RegFile_inst|registers[1][0] ; 4       ;
; registers:RegFile_inst|registers[1][2] ; 3       ;
; registers:RegFile_inst|registers[2][1] ; 2       ;
; registers:RegFile_inst|registers[2][2] ; 2       ;
; Total number of inverted registers = 4 ;         ;
+----------------------------------------+---------+


+------------------------------------------------------------------------------------------------------------------------------------------------------------------+
; Multiplexer Restructuring Statistics (Restructuring Performed)                                                                                                   ;
+--------------------+-----------+---------------+----------------------+------------------------+------------+----------------------------------------------------+
; Multiplexer Inputs ; Bus Width ; Baseline Area ; Area if Restructured ; Saving if Restructured ; Registered ; Example Multiplexer Output                         ;
+--------------------+-----------+---------------+----------------------+------------------------+------------+----------------------------------------------------+
; 3:1                ; 32 bits   ; 64 LEs        ; 32 LEs               ; 32 LEs                 ; Yes        ; |mini_mips|pc[24]                                  ;
; 3:1                ; 14 bits   ; 28 LEs        ; 14 LEs               ; 14 LEs                 ; Yes        ; |mini_mips|ir[1]                                   ;
; 3:1                ; 2 bits    ; 4 LEs         ; 2 LEs                ; 2 LEs                  ; Yes        ; |mini_mips|opcode[1]                               ;
; 3:1                ; 32 bits   ; 64 LEs        ; 32 LEs               ; 32 LEs                 ; Yes        ; |mini_mips|output[1]~reg0                          ;
; 3:1                ; 8 bits    ; 16 LEs        ; 8 LEs                ; 8 LEs                  ; Yes        ; |mini_mips|immediate[1]                            ;
; 3:1                ; 8 bits    ; 16 LEs        ; 8 LEs                ; 8 LEs                  ; Yes        ; |mini_mips|shamt[1]                                ;
; 3:1                ; 32 bits   ; 64 LEs        ; 32 LEs               ; 32 LEs                 ; Yes        ; |mini_mips|registers:RegFile_inst|registers[0][30] ;
; 3:1                ; 30 bits   ; 60 LEs        ; 30 LEs               ; 30 LEs                 ; Yes        ; |mini_mips|registers:RegFile_inst|registers[1][18] ;
; 3:1                ; 30 bits   ; 60 LEs        ; 30 LEs               ; 30 LEs                 ; Yes        ; |mini_mips|registers:RegFile_inst|registers[2][15] ;
; 3:1                ; 32 bits   ; 64 LEs        ; 32 LEs               ; 32 LEs                 ; Yes        ; |mini_mips|registers:RegFile_inst|registers[3][11] ;
; 3:1                ; 32 bits   ; 64 LEs        ; 32 LEs               ; 32 LEs                 ; Yes        ; |mini_mips|registers:RegFile_inst|registers[4][25] ;
; 3:1                ; 32 bits   ; 64 LEs        ; 32 LEs               ; 32 LEs                 ; Yes        ; |mini_mips|registers:RegFile_inst|registers[5][26] ;
; 3:1                ; 32 bits   ; 64 LEs        ; 32 LEs               ; 32 LEs                 ; Yes        ; |mini_mips|registers:RegFile_inst|registers[6][7]  ;
; 3:1                ; 32 bits   ; 64 LEs        ; 32 LEs               ; 32 LEs                 ; Yes        ; |mini_mips|registers:RegFile_inst|registers[7][21] ;
; 4:1                ; 3 bits    ; 6 LEs         ; 6 LEs                ; 0 LEs                  ; Yes        ; |mini_mips|rd_addr[0]                              ;
; 11:1               ; 22 bits   ; 154 LEs       ; 110 LEs              ; 44 LEs                 ; Yes        ; |mini_mips|bus_data_in[6]                          ;
; 11:1               ; 6 bits    ; 42 LEs        ; 30 LEs               ; 12 LEs                 ; Yes        ; |mini_mips|bus_data_in[11]                         ;
; 3:1                ; 2 bits    ; 4 LEs         ; 2 LEs                ; 2 LEs                  ; Yes        ; |mini_mips|registers:RegFile_inst|registers[1][2]  ;
; 3:1                ; 2 bits    ; 4 LEs         ; 2 LEs                ; 2 LEs                  ; Yes        ; |mini_mips|registers:RegFile_inst|registers[2][1]  ;
; 8:1                ; 32 bits   ; 160 LEs       ; 160 LEs              ; 0 LEs                  ; No         ; |mini_mips|registers:RegFile_inst|Mux72            ;
; 8:1                ; 32 bits   ; 160 LEs       ; 160 LEs              ; 0 LEs                  ; No         ; |mini_mips|registers:RegFile_inst|Mux48            ;
+--------------------+-----------+---------------+----------------------+------------------------+------------+----------------------------------------------------+


+-----------------------------------------------------------------+
; Parameter Settings for User Entity Instance: Memory:Memory_inst ;
+----------------+-----------------+------------------------------+
; Parameter Name ; Value           ; Type                         ;
+----------------+-----------------+------------------------------+
; data_width     ; 32              ; Signed Integer               ;
; addr_width     ; 10              ; Signed Integer               ;
; init_file      ; init_memory.mif ; String                       ;
+----------------+-----------------+------------------------------+
Note: In order to hide this table in the UI and the text report file, please set the "Show Parameter Settings in Synthesis Report" option in "Analysis and Synthesis Settings -> More Settings" to "Off".


+---------------------------------------------------------------------+
; Parameter Settings for User Entity Instance: registers:RegFile_inst ;
+----------------+-------+--------------------------------------------+
; Parameter Name ; Value ; Type                                       ;
+----------------+-------+--------------------------------------------+
; addr_width     ; 5     ; Signed Integer                             ;
+----------------+-------+--------------------------------------------+
Note: In order to hide this table in the UI and the text report file, please set the "Show Parameter Settings in Synthesis Report" option in "Analysis and Synthesis Settings -> More Settings" to "Off".


+------------------------------------------------+
; Port Connectivity Checks: "Memory:Memory_inst" ;
+--------------+-------+----------+--------------+
; Port         ; Type  ; Severity ; Details      ;
+--------------+-------+----------+--------------+
; write_enable ; Input ; Info     ; Stuck at GND ;
; data_in      ; Input ; Info     ; Stuck at GND ;
+--------------+-------+----------+--------------+


+-----------------------------------------------------+
; Post-Synthesis Netlist Statistics for Top Partition ;
+-----------------------+-----------------------------+
; Type                  ; Count                       ;
+-----------------------+-----------------------------+
; boundary_port         ; 302                         ;
; cycloneiii_ff         ; 410                         ;
;     ENA               ; 372                         ;
;     ENA SCLR          ; 35                          ;
;     ENA SLD           ; 2                           ;
;     SCLR              ; 1                           ;
; cycloneiii_lcell_comb ; 802                         ;
;     arith             ; 93                          ;
;         2 data inputs ; 31                          ;
;         3 data inputs ; 62                          ;
;     normal            ; 709                         ;
;         0 data inputs ; 1                           ;
;         1 data inputs ; 7                           ;
;         2 data inputs ; 67                          ;
;         3 data inputs ; 160                         ;
;         4 data inputs ; 474                         ;
;                       ;                             ;
; Max LUT depth         ; 11.90                       ;
; Average LUT depth     ; 6.64                        ;
+-----------------------+-----------------------------+


+-------------------------------+
; Elapsed Time Per Partition    ;
+----------------+--------------+
; Partition Name ; Elapsed Time ;
+----------------+--------------+
; Top            ; 00:00:05     ;
+----------------+--------------+


+-------------------------------+
; Analysis & Synthesis Messages ;
+-------------------------------+
Info: *******************************************************************
Info: Running Quartus Prime Analysis & Synthesis
    Info: Version 23.1std.1 Build 993 05/14/2024 SC Lite Edition
    Info: Processing started: Sun Jan  5 15:34:46 2025
Info: Command: quartus_map --read_settings_files=on --write_settings_files=off mini_mips -c mini_mips
Warning (18236): Number of processors has not been specified which may cause overloading on shared machines.  Set the global assignment NUM_PARALLEL_PROCESSORS in your QSF to an appropriate value for best performance.
Info (20030): Parallel compilation is enabled and will use 4 of the 4 processors detected
Info (12021): Found 2 design units, including 1 entities, in source file generic_reg.vhd
    Info (12022): Found design unit 1: Generic_Reg-Beh File: C:/Users/zeyad/Desktop/Workspace/Code/VHDL/mini_mips/Generic_Reg.vhd Line: 21
    Info (12023): Found entity 1: Generic_Reg File: C:/Users/zeyad/Desktop/Workspace/Code/VHDL/mini_mips/Generic_Reg.vhd Line: 5
Info (12021): Found 2 design units, including 1 entities, in source file memory.vhd
    Info (12022): Found design unit 1: Memory-Beh File: C:/Users/zeyad/Desktop/Workspace/Code/VHDL/mini_mips/Memory.vhd Line: 22
    Info (12023): Found entity 1: Memory File: C:/Users/zeyad/Desktop/Workspace/Code/VHDL/mini_mips/Memory.vhd Line: 7
Info (12021): Found 2 design units, including 1 entities, in source file mini_mips.vhd
    Info (12022): Found design unit 1: mini_mips-Beh File: C:/Users/zeyad/Desktop/Workspace/Code/VHDL/mini_mips/mini_mips.vhd Line: 34
    Info (12023): Found entity 1: mini_mips File: C:/Users/zeyad/Desktop/Workspace/Code/VHDL/mini_mips/mini_mips.vhd Line: 7
Info (12021): Found 2 design units, including 1 entities, in source file registers.vhd
    Info (12022): Found design unit 1: registers-Beh File: C:/Users/zeyad/Desktop/Workspace/Code/VHDL/mini_mips/registers.vhd Line: 26
    Info (12023): Found entity 1: registers File: C:/Users/zeyad/Desktop/Workspace/Code/VHDL/mini_mips/registers.vhd Line: 5
Info (12021): Found 2 design units, including 0 entities, in source file utility_pkg.vhd
    Info (12022): Found design unit 1: Utility_Pkg File: C:/Users/zeyad/Desktop/Workspace/Code/VHDL/mini_mips/Utility_Pkg.vhd Line: 5
    Info (12022): Found design unit 2: Utility_Pkg-body File: C:/Users/zeyad/Desktop/Workspace/Code/VHDL/mini_mips/Utility_Pkg.vhd Line: 10
Warning (12019): Can't analyze file -- file bus_mux.vhd is missing
Info (12127): Elaborating entity "mini_mips" for the top level hierarchy
Warning (10542): VHDL Variable Declaration warning at Utility_Pkg.vhd(22): used initial value expression for variable "vec_size" because variable was never assigned a value File: C:/Users/zeyad/Desktop/Workspace/Code/VHDL/mini_mips/Utility_Pkg.vhd Line: 22
Info (12128): Elaborating entity "Memory" for hierarchy "Memory:Memory_inst" File: C:/Users/zeyad/Desktop/Workspace/Code/VHDL/mini_mips/mini_mips.vhd Line: 195
Info (12128): Elaborating entity "registers" for hierarchy "registers:RegFile_inst" File: C:/Users/zeyad/Desktop/Workspace/Code/VHDL/mini_mips/mini_mips.vhd Line: 210
Info (276014): Found 1 instances of uninferred RAM logic
    Info (276013): RAM logic "Memory:Memory_inst|memory" is uninferred because MIF is not supported for the selected family File: C:/Users/zeyad/Desktop/Workspace/Code/VHDL/mini_mips/Memory.vhd Line: 25
Warning (13024): Output pins are stuck at VCC or GND
    Warning (13410): Pin "debug_ir[3]" is stuck at GND File: C:/Users/zeyad/Desktop/Workspace/Code/VHDL/mini_mips/mini_mips.vhd Line: 15
    Warning (13410): Pin "debug_ir[5]" is stuck at GND File: C:/Users/zeyad/Desktop/Workspace/Code/VHDL/mini_mips/mini_mips.vhd Line: 15
    Warning (13410): Pin "debug_ir[6]" is stuck at GND File: C:/Users/zeyad/Desktop/Workspace/Code/VHDL/mini_mips/mini_mips.vhd Line: 15
    Warning (13410): Pin "debug_ir[8]" is stuck at GND File: C:/Users/zeyad/Desktop/Workspace/Code/VHDL/mini_mips/mini_mips.vhd Line: 15
    Warning (13410): Pin "debug_ir[9]" is stuck at GND File: C:/Users/zeyad/Desktop/Workspace/Code/VHDL/mini_mips/mini_mips.vhd Line: 15
    Warning (13410): Pin "debug_ir[10]" is stuck at GND File: C:/Users/zeyad/Desktop/Workspace/Code/VHDL/mini_mips/mini_mips.vhd Line: 15
    Warning (13410): Pin "debug_ir[14]" is stuck at GND File: C:/Users/zeyad/Desktop/Workspace/Code/VHDL/mini_mips/mini_mips.vhd Line: 15
    Warning (13410): Pin "debug_ir[15]" is stuck at GND File: C:/Users/zeyad/Desktop/Workspace/Code/VHDL/mini_mips/mini_mips.vhd Line: 15
    Warning (13410): Pin "debug_ir[19]" is stuck at GND File: C:/Users/zeyad/Desktop/Workspace/Code/VHDL/mini_mips/mini_mips.vhd Line: 15
    Warning (13410): Pin "debug_ir[20]" is stuck at GND File: C:/Users/zeyad/Desktop/Workspace/Code/VHDL/mini_mips/mini_mips.vhd Line: 15
    Warning (13410): Pin "debug_ir[22]" is stuck at GND File: C:/Users/zeyad/Desktop/Workspace/Code/VHDL/mini_mips/mini_mips.vhd Line: 15
    Warning (13410): Pin "debug_ir[23]" is stuck at GND File: C:/Users/zeyad/Desktop/Workspace/Code/VHDL/mini_mips/mini_mips.vhd Line: 15
    Warning (13410): Pin "debug_ir[24]" is stuck at GND File: C:/Users/zeyad/Desktop/Workspace/Code/VHDL/mini_mips/mini_mips.vhd Line: 15
    Warning (13410): Pin "debug_ir[25]" is stuck at GND File: C:/Users/zeyad/Desktop/Workspace/Code/VHDL/mini_mips/mini_mips.vhd Line: 15
    Warning (13410): Pin "debug_ir[28]" is stuck at GND File: C:/Users/zeyad/Desktop/Workspace/Code/VHDL/mini_mips/mini_mips.vhd Line: 15
    Warning (13410): Pin "debug_ir[29]" is stuck at GND File: C:/Users/zeyad/Desktop/Workspace/Code/VHDL/mini_mips/mini_mips.vhd Line: 15
    Warning (13410): Pin "debug_ir[30]" is stuck at GND File: C:/Users/zeyad/Desktop/Workspace/Code/VHDL/mini_mips/mini_mips.vhd Line: 15
    Warning (13410): Pin "debug_ir[31]" is stuck at GND File: C:/Users/zeyad/Desktop/Workspace/Code/VHDL/mini_mips/mini_mips.vhd Line: 15
    Warning (13410): Pin "debug_opcode[2]" is stuck at GND File: C:/Users/zeyad/Desktop/Workspace/Code/VHDL/mini_mips/mini_mips.vhd Line: 16
    Warning (13410): Pin "debug_opcode[3]" is stuck at GND File: C:/Users/zeyad/Desktop/Workspace/Code/VHDL/mini_mips/mini_mips.vhd Line: 16
    Warning (13410): Pin "debug_opcode[4]" is stuck at GND File: C:/Users/zeyad/Desktop/Workspace/Code/VHDL/mini_mips/mini_mips.vhd Line: 16
    Warning (13410): Pin "debug_opcode[5]" is stuck at GND File: C:/Users/zeyad/Desktop/Workspace/Code/VHDL/mini_mips/mini_mips.vhd Line: 16
    Warning (13410): Pin "debug_rd_addr[3]" is stuck at GND File: C:/Users/zeyad/Desktop/Workspace/Code/VHDL/mini_mips/mini_mips.vhd Line: 19
    Warning (13410): Pin "debug_rd_addr[4]" is stuck at GND File: C:/Users/zeyad/Desktop/Workspace/Code/VHDL/mini_mips/mini_mips.vhd Line: 19
    Warning (13410): Pin "debug_immediate[3]" is stuck at GND File: C:/Users/zeyad/Desktop/Workspace/Code/VHDL/mini_mips/mini_mips.vhd Line: 22
    Warning (13410): Pin "debug_immediate[5]" is stuck at GND File: C:/Users/zeyad/Desktop/Workspace/Code/VHDL/mini_mips/mini_mips.vhd Line: 22
    Warning (13410): Pin "debug_immediate[6]" is stuck at GND File: C:/Users/zeyad/Desktop/Workspace/Code/VHDL/mini_mips/mini_mips.vhd Line: 22
    Warning (13410): Pin "debug_immediate[8]" is stuck at GND File: C:/Users/zeyad/Desktop/Workspace/Code/VHDL/mini_mips/mini_mips.vhd Line: 22
    Warning (13410): Pin "debug_immediate[9]" is stuck at GND File: C:/Users/zeyad/Desktop/Workspace/Code/VHDL/mini_mips/mini_mips.vhd Line: 22
    Warning (13410): Pin "debug_immediate[10]" is stuck at GND File: C:/Users/zeyad/Desktop/Workspace/Code/VHDL/mini_mips/mini_mips.vhd Line: 22
    Warning (13410): Pin "debug_immediate[14]" is stuck at GND File: C:/Users/zeyad/Desktop/Workspace/Code/VHDL/mini_mips/mini_mips.vhd Line: 22
    Warning (13410): Pin "debug_immediate[15]" is stuck at GND File: C:/Users/zeyad/Desktop/Workspace/Code/VHDL/mini_mips/mini_mips.vhd Line: 22
    Warning (13410): Pin "debug_immediate[16]" is stuck at GND File: C:/Users/zeyad/Desktop/Workspace/Code/VHDL/mini_mips/mini_mips.vhd Line: 22
    Warning (13410): Pin "debug_immediate[17]" is stuck at GND File: C:/Users/zeyad/Desktop/Workspace/Code/VHDL/mini_mips/mini_mips.vhd Line: 22
    Warning (13410): Pin "debug_immediate[18]" is stuck at GND File: C:/Users/zeyad/Desktop/Workspace/Code/VHDL/mini_mips/mini_mips.vhd Line: 22
    Warning (13410): Pin "debug_immediate[19]" is stuck at GND File: C:/Users/zeyad/Desktop/Workspace/Code/VHDL/mini_mips/mini_mips.vhd Line: 22
    Warning (13410): Pin "debug_immediate[20]" is stuck at GND File: C:/Users/zeyad/Desktop/Workspace/Code/VHDL/mini_mips/mini_mips.vhd Line: 22
    Warning (13410): Pin "debug_immediate[21]" is stuck at GND File: C:/Users/zeyad/Desktop/Workspace/Code/VHDL/mini_mips/mini_mips.vhd Line: 22
    Warning (13410): Pin "debug_immediate[22]" is stuck at GND File: C:/Users/zeyad/Desktop/Workspace/Code/VHDL/mini_mips/mini_mips.vhd Line: 22
    Warning (13410): Pin "debug_immediate[23]" is stuck at GND File: C:/Users/zeyad/Desktop/Workspace/Code/VHDL/mini_mips/mini_mips.vhd Line: 22
    Warning (13410): Pin "debug_immediate[24]" is stuck at GND File: C:/Users/zeyad/Desktop/Workspace/Code/VHDL/mini_mips/mini_mips.vhd Line: 22
    Warning (13410): Pin "debug_immediate[25]" is stuck at GND File: C:/Users/zeyad/Desktop/Workspace/Code/VHDL/mini_mips/mini_mips.vhd Line: 22
    Warning (13410): Pin "debug_immediate[26]" is stuck at GND File: C:/Users/zeyad/Desktop/Workspace/Code/VHDL/mini_mips/mini_mips.vhd Line: 22
    Warning (13410): Pin "debug_immediate[27]" is stuck at GND File: C:/Users/zeyad/Desktop/Workspace/Code/VHDL/mini_mips/mini_mips.vhd Line: 22
    Warning (13410): Pin "debug_immediate[28]" is stuck at GND File: C:/Users/zeyad/Desktop/Workspace/Code/VHDL/mini_mips/mini_mips.vhd Line: 22
    Warning (13410): Pin "debug_immediate[29]" is stuck at GND File: C:/Users/zeyad/Desktop/Workspace/Code/VHDL/mini_mips/mini_mips.vhd Line: 22
    Warning (13410): Pin "debug_immediate[30]" is stuck at GND File: C:/Users/zeyad/Desktop/Workspace/Code/VHDL/mini_mips/mini_mips.vhd Line: 22
    Warning (13410): Pin "debug_immediate[31]" is stuck at GND File: C:/Users/zeyad/Desktop/Workspace/Code/VHDL/mini_mips/mini_mips.vhd Line: 22
    Warning (13410): Pin "debug_mem_data_out[3]" is stuck at GND File: C:/Users/zeyad/Desktop/Workspace/Code/VHDL/mini_mips/mini_mips.vhd Line: 23
    Warning (13410): Pin "debug_mem_data_out[5]" is stuck at GND File: C:/Users/zeyad/Desktop/Workspace/Code/VHDL/mini_mips/mini_mips.vhd Line: 23
    Warning (13410): Pin "debug_mem_data_out[6]" is stuck at GND File: C:/Users/zeyad/Desktop/Workspace/Code/VHDL/mini_mips/mini_mips.vhd Line: 23
    Warning (13410): Pin "debug_mem_data_out[8]" is stuck at GND File: C:/Users/zeyad/Desktop/Workspace/Code/VHDL/mini_mips/mini_mips.vhd Line: 23
    Warning (13410): Pin "debug_mem_data_out[9]" is stuck at GND File: C:/Users/zeyad/Desktop/Workspace/Code/VHDL/mini_mips/mini_mips.vhd Line: 23
    Warning (13410): Pin "debug_mem_data_out[10]" is stuck at GND File: C:/Users/zeyad/Desktop/Workspace/Code/VHDL/mini_mips/mini_mips.vhd Line: 23
    Warning (13410): Pin "debug_mem_data_out[14]" is stuck at GND File: C:/Users/zeyad/Desktop/Workspace/Code/VHDL/mini_mips/mini_mips.vhd Line: 23
    Warning (13410): Pin "debug_mem_data_out[15]" is stuck at GND File: C:/Users/zeyad/Desktop/Workspace/Code/VHDL/mini_mips/mini_mips.vhd Line: 23
    Warning (13410): Pin "debug_mem_data_out[19]" is stuck at GND File: C:/Users/zeyad/Desktop/Workspace/Code/VHDL/mini_mips/mini_mips.vhd Line: 23
    Warning (13410): Pin "debug_mem_data_out[20]" is stuck at GND File: C:/Users/zeyad/Desktop/Workspace/Code/VHDL/mini_mips/mini_mips.vhd Line: 23
    Warning (13410): Pin "debug_mem_data_out[22]" is stuck at GND File: C:/Users/zeyad/Desktop/Workspace/Code/VHDL/mini_mips/mini_mips.vhd Line: 23
    Warning (13410): Pin "debug_mem_data_out[23]" is stuck at GND File: C:/Users/zeyad/Desktop/Workspace/Code/VHDL/mini_mips/mini_mips.vhd Line: 23
    Warning (13410): Pin "debug_mem_data_out[24]" is stuck at GND File: C:/Users/zeyad/Desktop/Workspace/Code/VHDL/mini_mips/mini_mips.vhd Line: 23
    Warning (13410): Pin "debug_mem_data_out[25]" is stuck at GND File: C:/Users/zeyad/Desktop/Workspace/Code/VHDL/mini_mips/mini_mips.vhd Line: 23
    Warning (13410): Pin "debug_mem_data_out[28]" is stuck at GND File: C:/Users/zeyad/Desktop/Workspace/Code/VHDL/mini_mips/mini_mips.vhd Line: 23
    Warning (13410): Pin "debug_mem_data_out[29]" is stuck at GND File: C:/Users/zeyad/Desktop/Workspace/Code/VHDL/mini_mips/mini_mips.vhd Line: 23
    Warning (13410): Pin "debug_mem_data_out[30]" is stuck at GND File: C:/Users/zeyad/Desktop/Workspace/Code/VHDL/mini_mips/mini_mips.vhd Line: 23
    Warning (13410): Pin "debug_mem_data_out[31]" is stuck at GND File: C:/Users/zeyad/Desktop/Workspace/Code/VHDL/mini_mips/mini_mips.vhd Line: 23
Info (286030): Timing-Driven Synthesis is running
Info (16010): Generating hard_block partition "hard_block:auto_generated_inst"
    Info (16011): Adding 0 node(s), including 0 DDIO, 0 PLL, 0 transceiver and 0 LCELL
Info (21057): Implemented 1401 device resources after synthesis - the final resource count might be different
    Info (21058): Implemented 2 input pins
    Info (21059): Implemented 300 output pins
    Info (21061): Implemented 1099 logic cells
Info: Quartus Prime Analysis & Synthesis was successful. 0 errors, 70 warnings
    Info: Peak virtual memory: 4804 megabytes
    Info: Processing ended: Sun Jan  5 15:35:04 2025
    Info: Elapsed time: 00:00:18
    Info: Total CPU time (on all processors): 00:00:15


